
[48;2;45;40;56m                                                            [49m
[48;2;45;40;56m [38;2;149;117;205m[1m[artifact][22m[39m                                                 [49m
[48;2;45;40;56m                                                            [49m
[48;2;45;40;56m [38;2;212;212;212mHere is the generated artifact with [39m[1m[38;2;212;212;212mmarkdown[39m[22m[38;2;212;212;212m[38;2;212;212;212m.[39m              [49m
[48;2;45;40;56m                                                            [49m
