
[48;2;40;50;40m                                                            [49m
[48;2;40;50;40m [38;2;212;212;212m[1mcustom-tool[22m[39m                                                [49m
[48;2;40;50;40m                                                            [49m
[48;2;40;50;40m {                                                          [49m
[48;2;40;50;40m   "path": "src/main.rs"                                    [49m
[48;2;40;50;40m }                                                          [49m
[48;2;40;50;40m pub fn main() {}                                           [49m
[48;2;40;50;40m                                                            [49m
