────────────────────────────────────────────────────────────
src_pi:c[7m [0m                                                        
────────────────────────────────────────────────────────────
  src/                            source directory          
→ src.txt                         source listing            
  main.ts                         entry point               
