────────────────────────────────────────────────────────────
/l_pi:c[7m [0m                                                         
────────────────────────────────────────────────────────────
→ model        Switch model — Change the active model       
  help         Show help                                    
  load-skills  Load skills — Load agent skills              
