```ts                                                       
  const hello = "world";                                    
```                                                         
                                                            
│ quoted line                                               
                                                            
────────────────────────────────────────────────────────────
                                                            
text after                                                  
