│ A quote with bold, code and strike                        
                                                            
link text (https://example.com) and deleted text            
                                                            
│ 1. nested ordered                                         
│ - nested bullet                                           
