
[38;2;94;178;134m────────────────────────────────────────────────────────────[39m
 [38;2;94;178;134m[1m$ false[22m[39m                                                    
                                                            
 [38;2;157;165;169msome error output[39m                                          
 [38;2;157;165;169m[39m                                                           
                                                            
 [38;2;234;127;129m(exit 2)[39m                                                   
[38;2;94;178;134m────────────────────────────────────────────────────────────[39m
