
[38;2;181;189;104m────────────────────────────────────────────────────────────[39m
 [38;2;181;189;104m[1m$ ls -la[22m[39m                                                   
 [38;2;128;128;128mfile_6.txt[39m                                                 
 [38;2;128;128;128mfile_7.txt[39m                                                 
 [38;2;128;128;128mfile_8.txt[39m                                                 
 [38;2;128;128;128mfile_9.txt[39m                                                 
 [38;2;128;128;128mfile_10.txt[39m                                                
 [38;2;128;128;128mfile_11.txt[39m                                                
 [38;2;128;128;128mfile_12.txt[39m                                                
 [38;2;128;128;128mfile_13.txt[39m                                                
 [38;2;128;128;128mfile_14.txt[39m                                                
 [38;2;128;128;128mfile_15.txt[39m                                                
 [38;2;128;128;128mfile_16.txt[39m                                                
 [38;2;128;128;128mfile_17.txt[39m                                                
 [38;2;128;128;128mfile_18.txt[39m                                                
 [38;2;128;128;128mfile_19.txt[39m                                                
 [38;2;128;128;128mfile_20.txt[39m                                                
 [38;2;128;128;128mfile_21.txt[39m                                                
 [38;2;128;128;128mfile_22.txt[39m                                                
 [38;2;128;128;128mfile_23.txt[39m                                                
 [38;2;128;128;128mfile_24.txt[39m                                                
 [38;2;128;128;128m[39m                                                           
                                                            
 [38;2;128;128;128m... 6 more lines ([39m[38;2;102;102;102mctrl+o[39m[38;2;128;128;128m to expand[39m[38;2;128;128;128m)[39m                        
[38;2;181;189;104m────────────────────────────────────────────────────────────[39m
