
[38;2;181;189;104m────────────────────────────────────────────────────────────[39m
 [38;2;181;189;104m[1m$ false[22m[39m                                                    
                                                            
 [38;2;128;128;128msome error output[39m                                          
 [38;2;128;128;128m[39m                                                           
                                                            
 [38;2;204;102;102m(exit 2)[39m                                                   
[38;2;181;189;104m────────────────────────────────────────────────────────────[39m
