
[38;2;94;178;134m────────────────────────────────────────────────────────────[39m
 [38;2;94;178;134m[1m$ ls -la[22m[39m                                                   
 [38;2;157;165;169mfile_6.txt[39m                                                 
 [38;2;157;165;169mfile_7.txt[39m                                                 
 [38;2;157;165;169mfile_8.txt[39m                                                 
 [38;2;157;165;169mfile_9.txt[39m                                                 
 [38;2;157;165;169mfile_10.txt[39m                                                
 [38;2;157;165;169mfile_11.txt[39m                                                
 [38;2;157;165;169mfile_12.txt[39m                                                
 [38;2;157;165;169mfile_13.txt[39m                                                
 [38;2;157;165;169mfile_14.txt[39m                                                
 [38;2;157;165;169mfile_15.txt[39m                                                
 [38;2;157;165;169mfile_16.txt[39m                                                
 [38;2;157;165;169mfile_17.txt[39m                                                
 [38;2;157;165;169mfile_18.txt[39m                                                
 [38;2;157;165;169mfile_19.txt[39m                                                
 [38;2;157;165;169mfile_20.txt[39m                                                
 [38;2;157;165;169mfile_21.txt[39m                                                
 [38;2;157;165;169mfile_22.txt[39m                                                
 [38;2;157;165;169mfile_23.txt[39m                                                
 [38;2;157;165;169mfile_24.txt[39m                                                
 [38;2;157;165;169m[39m                                                           
                                                            
 [38;2;157;165;169m... 6 more lines ([39m[38;2;126;136;142mctrl+o[39m[38;2;157;165;169m to expand[39m[38;2;157;165;169m)[39m                        
[38;2;94;178;134m────────────────────────────────────────────────────────────[39m
