[48;2;58;48;85m                                                            [49m
[48;2;58;48;85m [38;2;167;152;215m[1m[branch][22m[39m                                                   [49m
[48;2;58;48;85m                                                            [49m
[48;2;58;48;85m [38;2;157;165;169mBranch summary ([39m[38;2;126;136;142mctrl+o[39m[38;2;157;165;169m to expand)[39m                          [49m
[48;2;58;48;85m                                                            [49m
