[48;2;45;40;56m                                                            [49m
[48;2;45;40;56m [38;2;149;117;205m[1m[branch][22m[39m                                                   [49m
[48;2;45;40;56m                                                            [49m
[48;2;45;40;56m [38;2;212;212;212mBranch summary ([39m[38;2;102;102;102mctrl+o[39m[38;2;212;212;212m to expand)[39m                          [49m
[48;2;45;40;56m                                                            [49m
