[48;2;45;40;56m                                                            [49m
[48;2;45;40;56m [38;2;149;117;205m[1m[compaction][22m[39m                                               [49m
[48;2;45;40;56m                                                            [49m
[48;2;45;40;56m [1m[38;2;212;212;212mCompacted from 12,345 tokens[39m[22m                               [49m
[48;2;45;40;56m                                                            [49m
[48;2;45;40;56m [38;2;212;212;212mThe user asked about the parser and we discussed error     [49m
[48;2;45;40;56m [38;2;212;212;212mhandling.[39m                                                  [49m
[48;2;45;40;56m                                                            [49m
