
[48;2;58;48;85m                                                            [49m
[48;2;58;48;85m [38;2;167;152;215m[1m[artifact][22m[39m                                                 [49m
[48;2;58;48;85m                                                            [49m
[48;2;58;48;85m [38;2;157;165;169mHere is the generated artifact with [39m[1m[38;2;157;165;169mmarkdown[39m[22m[38;2;157;165;169m[38;2;157;165;169m.[39m              [49m
[48;2;58;48;85m                                                            [49m
