[38;2;80;80;80m────────────────────────────────────────────────────────────[39m
[7m [0m                                                           
[38;2;80;80;80m────────────────────────────────────────────────────────────[39m

 [38;2;138;190;183m⠋[39m [38;2;128;128;128mAuto-compacting... (escape to cancel)[39m                    
