[38;2;118;129;134m── [39m[38;2;167;152;215m⠋[39m [38;2;157;165;169mAuto-compacting... (escape to cancel)[39m[38;2;118;129;134m ─────────────────[39m
[7m [0m                                                           
[38;2;118;129;134m────────────────────────────────────────────────────────────[39m
