[48;2;58;48;85m                                                            [49m
[48;2;58;48;85m [38;2;167;152;215m[1m[skill][22m [39m[38;2;157;165;169mplan[39m[38;2;126;136;142m (ctrl+o to expand)[39m                            [49m
[48;2;58;48;85m                                                            [49m
