[48;2;45;40;56m                                                            [49m
[48;2;45;40;56m [38;2;149;117;205m[1m[skill][22m [39m[38;2;212;212;212mplan[39m[38;2;102;102;102m (ctrl+o to expand)[39m                            [49m
[48;2;45;40;56m                                                            [49m
