
[48;2;37;65;49m                                                            [49m
[48;2;37;65;49m [38;2;222;224;225m[1mcustom-tool[22m[39m                                                [49m
[48;2;37;65;49m                                                            [49m
[48;2;37;65;49m {                                                          [49m
[48;2;37;65;49m   "path": "src/main.rs"                                    [49m
[48;2;37;65;49m }                                                          [49m
[48;2;37;65;49m pub fn main() {}                                           [49m
[48;2;37;65;49m                                                            [49m
